// Jest Snapshot v1, https://goo.gl/fbAQLP

exports[`<ChooseBondV2/> should render component 1`] = `
<div>
  <div
    id="choose-bond-view"
  >
    <div
      class="MuiPaper-root makeStyles-root-1 makeStyles-root-2  MuiPaper-elevation0 MuiPaper-rounded"
      style="transform: none; webkit-transition: transform 225ms cubic-bezier(0.4, 0, 0.2, 1) 0ms; transition: transform 225ms cubic-bezier(0.4, 0, 0.2, 1) 0ms;"
    >
      <div
        class="MuiGrid-root MuiGrid-container MuiGrid-spacing-xs-2 MuiGrid-direction-xs-column"
      >
        <div
          class="MuiGrid-root card-header MuiGrid-item"
        >
          <div
            class="MuiBox-root MuiBox-root-3"
          >
            <div
              class="MuiBox-root MuiBox-root-4"
            >
              <h5
                class="MuiTypography-root header-text MuiTypography-h5"
              >
                Bond
              </h5>
            </div>
            <div
              class="top-right"
            />
          </div>
        </div>
        <div
          class="MuiGrid-root MuiGrid-item"
        >
          <div
            class="MuiBox-root MuiBox-root-5"
          >
            <h4
              class="MuiTypography-root MuiTypography-h4"
            >
              No active bonds
            </h4>
          </div>
          <div
            class="MuiBox-root MuiBox-root-6 help-text"
          >
            <em>
              <p
                class="MuiTypography-root MuiTypography-body2"
              >
                Important: New bonds are auto-staked (accrue rebase rewards) and no longer vest linearly. Simply claim as sHDX at the end of the term. American citizens are not allowed to buy bonds.
              </p>
            </em>
          </div>
        </div>
      </div>
    </div>
  </div>
</div>
`;
